#
# There is insufficient memory for the Java Runtime Environment to continue.
# Native memory allocation (malloc) failed to allocate 152256 bytes. Error detail: Chunk::new
# Possible reasons:
#   The system is out of physical RAM or swap space
#   This process is running with CompressedOops enabled, and the Java Heap may be blocking the growth of the native heap
# Possible solutions:
#   Reduce memory load on the system
#   Increase physical memory or swap space
#   Check if swap backing store is full
#   Decrease Java heap size (-Xmx/-Xms)
#   Decrease number of Java threads
#   Decrease Java thread stack sizes (-Xss)
#   Set larger code cache with -XX:ReservedCodeCacheSize=
#   JVM is running with Unscaled Compressed Oops mode in which the Java heap is
#     placed in the first 4GB address space. The Java Heap base address is the
#     maximum limit for the native heap growth. Please use -XX:HeapBaseMinAddress
#     to set the Java Heap base and to place the Java Heap above 4GB virtual address.
# This output file may be truncated or incomplete.
#
#  Out of Memory Error (arena.cpp:191), pid=38528, tid=15196
#
# JRE version: OpenJDK Runtime Environment Temurin-17.0.13+11 (17.0.13+11) (build 17.0.13+11)
# Java VM: OpenJDK 64-Bit Server VM Temurin-17.0.13+11 (17.0.13+11, mixed mode, tiered, compressed oops, compressed class ptrs, parallel gc, windows-amd64)
# No core dump will be written. Minidumps are not enabled by default on client versions of Windows
#

---------------  S U M M A R Y ------------

Command Line: --add-modules=ALL-SYSTEM --add-opens=java.base/java.util=ALL-UNNAMED --add-opens=java.base/java.lang=ALL-UNNAMED --add-opens=java.base/sun.nio.fs=ALL-UNNAMED -Declipse.application=org.eclipse.jdt.ls.core.id1 -Dosgi.bundles.defaultStartLevel=4 -Declipse.product=org.eclipse.jdt.ls.core.product -Djava.import.generatesMetadataFilesAtProjectRoot=false -DDetectVMInstallationsJob.disabled=true -Dfile.encoding=utf8 -XX:+UseParallelGC -XX:GCTimeRatio=4 -XX:AdaptiveSizePolicyWeight=90 -Dsun.zip.disableMemoryMapping=true -Xmx1G -Xms100m -Xlog:disable -javaagent:c:\Users\matri\.vscode\extensions\redhat.java-1.36.0-win32-x64\lombok\lombok-1.18.35.jar c:\Users\matri\.vscode\extensions\redhat.java-1.36.0-win32-x64\server\plugins\org.eclipse.equinox.launcher_1.6.900.v20240613-2009.jar -configuration c:\Users\matri\AppData\Roaming\Code\User\globalStorage\redhat.java\1.36.0\config_ss_win -data c:\Users\matri\AppData\Roaming\Code\User\workspaceStorage\06628ab3928ca18f960dda0ac32265f9\redhat.java\ss_ws --pipe=\\.\pipe\lsp-70202fe7edd916086e0075eb730a4480-sock

Host: Intel(R) Core(TM) i7-10700F CPU @ 2.90GHz, 16 cores, 15G,  Windows 11 , 64 bit Build 22621 (10.0.22621.4391)
Time: Tue Nov 19 08:56:49 2024 Hora oficial do Brasil elapsed time: 0.541183 seconds (0d 0h 0m 0s)

---------------  T H R E A D  ---------------

Current thread (0x000001607dbc3530):  JavaThread "C2 CompilerThread0" daemon [_thread_in_native, id=15196, stack(0x0000005183e00000,0x0000005183f00000)]


Current CompileTask:
C2:    541 1057       4       java.util.HashMap::putVal (300 bytes)

Stack: [0x0000005183e00000,0x0000005183f00000]
Native frames: (J=compiled Java code, j=interpreted, Vv=VM code, C=native code)
V  [jvm.dll+0x682a19]
V  [jvm.dll+0x839538]
V  [jvm.dll+0x83afe3]
V  [jvm.dll+0x83b653]
V  [jvm.dll+0x24704f]
V  [jvm.dll+0xace34]
V  [jvm.dll+0xad4cc]
V  [jvm.dll+0x36597e]
V  [jvm.dll+0x32fbd8]
V  [jvm.dll+0x32f05a]
V  [jvm.dll+0x21804f]
V  [jvm.dll+0x21748f]
V  [jvm.dll+0x1a3070]
V  [jvm.dll+0x22788c]
V  [jvm.dll+0x2259eb]
V  [jvm.dll+0x7eec98]
V  [jvm.dll+0x7e8ffc]
V  [jvm.dll+0x6818f7]
C  [ucrtbase.dll+0x29333]
C  [KERNEL32.DLL+0x1259d]
C  [ntdll.dll+0x5af38]


---------------  P R O C E S S  ---------------

Threads class SMR info:
_java_thread_list=0x000001600f0e73e0, length=17, elements={
0x0000016073bfc070, 0x0000016078a79030, 0x0000016078a7a460, 0x000001607dbb2ca0,
0x000001607dbb8df0, 0x000001607dbba020, 0x000001607dbc1900, 0x000001607dbc3530,
0x000001607dbc66e0, 0x000001607dbcf8b0, 0x000001607dcbacf0, 0x0000016073c5f240,
0x000001607dcf72d0, 0x000001607dc07fe0, 0x000001607dc08ee0, 0x000001607ddb9fb0,
0x000001600f0f08c0
}

Java Threads: ( => current thread )
  0x0000016073bfc070 JavaThread "main" [_thread_in_vm, id=20556, stack(0x0000005183500000,0x0000005183600000)]
  0x0000016078a79030 JavaThread "Reference Handler" daemon [_thread_blocked, id=26476, stack(0x0000005183800000,0x0000005183900000)]
  0x0000016078a7a460 JavaThread "Finalizer" daemon [_thread_blocked, id=5976, stack(0x0000005183900000,0x0000005183a00000)]
  0x000001607dbb2ca0 JavaThread "Signal Dispatcher" daemon [_thread_blocked, id=4316, stack(0x0000005183a00000,0x0000005183b00000)]
  0x000001607dbb8df0 JavaThread "Attach Listener" daemon [_thread_blocked, id=30032, stack(0x0000005183b00000,0x0000005183c00000)]
  0x000001607dbba020 JavaThread "Service Thread" daemon [_thread_blocked, id=4720, stack(0x0000005183c00000,0x0000005183d00000)]
  0x000001607dbc1900 JavaThread "Monitor Deflation Thread" daemon [_thread_blocked, id=6092, stack(0x0000005183d00000,0x0000005183e00000)]
=>0x000001607dbc3530 JavaThread "C2 CompilerThread0" daemon [_thread_in_native, id=15196, stack(0x0000005183e00000,0x0000005183f00000)]
  0x000001607dbc66e0 JavaThread "C1 CompilerThread0" daemon [_thread_in_native, id=35156, stack(0x0000005183f00000,0x0000005184000000)]
  0x000001607dbcf8b0 JavaThread "Sweeper thread" daemon [_thread_blocked, id=38652, stack(0x0000005184000000,0x0000005184100000)]
  0x000001607dcbacf0 JavaThread "Common-Cleaner" daemon [_thread_blocked, id=30632, stack(0x0000005184100000,0x0000005184200000)]
  0x0000016073c5f240 JavaThread "C1 CompilerThread1" daemon [_thread_in_native, id=32908, stack(0x0000005184200000,0x0000005184300000)]
  0x000001607dcf72d0 JavaThread "C1 CompilerThread2" daemon [_thread_blocked, id=24980, stack(0x0000005184300000,0x0000005184400000)]
  0x000001607dc07fe0 JavaThread "C1 CompilerThread3" daemon [_thread_in_native, id=16160, stack(0x0000005184400000,0x0000005184500000)]
  0x000001607dc08ee0 JavaThread "C2 CompilerThread1" daemon [_thread_in_native, id=28464, stack(0x0000005184500000,0x0000005184600000)]
  0x000001607ddb9fb0 JavaThread "C2 CompilerThread2" daemon [_thread_in_native, id=2156, stack(0x0000005184600000,0x0000005184700000)]
  0x000001600f0f08c0 JavaThread "Notification Thread" daemon [_thread_blocked, id=36536, stack(0x0000005184700000,0x0000005184800000)]

Other Threads:
  0x0000016078a640f0 VMThread "VM Thread" [stack: 0x0000005183700000,0x0000005183800000] [id=38308]
  0x000001600f0f15c0 WatcherThread [stack: 0x0000005184800000,0x0000005184900000] [id=38800]
  0x0000016073c10e90 GCTaskThread "GC Thread#0" [stack: 0x0000005183600000,0x0000005183700000] [id=34804]
  0x000001600fa5b970 GCTaskThread "GC Thread#1" [stack: 0x0000005184900000,0x0000005184a00000] [id=29476]
  0x000001600f91b130 GCTaskThread "GC Thread#2" [stack: 0x0000005184a00000,0x0000005184b00000] [id=8884]
  0x000001600f91b3f0 GCTaskThread "GC Thread#3" [stack: 0x0000005184b00000,0x0000005184c00000] [id=19336]
  0x000001600f91b6b0 GCTaskThread "GC Thread#4" [stack: 0x0000005184c00000,0x0000005184d00000] [id=11720]
  0x000001600f91bd80 GCTaskThread "GC Thread#5" [stack: 0x0000005184d00000,0x0000005184e00000] [id=12920]

Threads with active compile tasks:
C2 CompilerThread0      573 1057       4       java.util.HashMap::putVal (300 bytes)
C2 CompilerThread1      573 1112       4       java.io.DataInputStream::readUTF (501 bytes)
C2 CompilerThread2      573 1122       4       java.io.DataInputStream::readInt (68 bytes)

VM state: not at safepoint (normal execution)

VM Mutex/Monitor currently owned by a thread: None

Heap address: 0x00000000c0000000, size: 1024 MB, Compressed Oops mode: 32-bit

CDS archive(s) not mapped
Compressed class space mapped at: 0x0000000100000000-0x0000000140000000, reserved size: 1073741824
Narrow klass base: 0x0000000000000000, Narrow klass shift: 3, Narrow klass range: 0x140000000

GC Precious Log:
 CPUs: 16 total, 16 available
 Memory: 16294M
 Large Page Support: Disabled
 NUMA Support: Disabled
 Compressed Oops: Enabled (32-bit)
 Alignments: Space 512K, Generation 512K, Heap 2M
 Heap Min Capacity: 100M
 Heap Initial Capacity: 100M
 Heap Max Capacity: 1G
 Pre-touch: Disabled
 Parallel Workers: 13

Heap:
 PSYoungGen      total 29696K, used 10181K [0x00000000eab00000, 0x00000000ecc00000, 0x0000000100000000)
  eden space 25600K, 27% used [0x00000000eab00000,0x00000000eb1f0300,0x00000000ec400000)
  from space 4096K, 75% used [0x00000000ec400000,0x00000000ec701340,0x00000000ec800000)
  to   space 4096K, 0% used [0x00000000ec800000,0x00000000ec800000,0x00000000ecc00000)
 ParOldGen       total 68608K, used 16K [0x00000000c0000000, 0x00000000c4300000, 0x00000000eab00000)
  object space 68608K, 0% used [0x00000000c0000000,0x00000000c0004000,0x00000000c4300000)
 Metaspace       used 11913K, committed 12032K, reserved 1114112K
  class space    used 1177K, committed 1216K, reserved 1048576K

Card table byte_map: [0x0000016073590000,0x00000160737a0000] _byte_map_base: 0x0000016072f90000

Marking Bits: (ParMarkBitMap*) 0x00007ffc16086940
 Begin Bits: [0x0000016076880000, 0x0000016077880000)
 End Bits:   [0x0000016077880000, 0x0000016078880000)

Polling page: 0x0000016071b60000

Metaspace:

Usage:
  Non-class:     10.48 MB used.
      Class:      1.15 MB used.
       Both:     11.63 MB used.

Virtual space:
  Non-class space:       64.00 MB reserved,      10.56 MB ( 17%) committed,  1 nodes.
      Class space:        1.00 GB reserved,       1.19 MB ( <1%) committed,  1 nodes.
             Both:        1.06 GB reserved,      11.75 MB (  1%) committed. 

Chunk freelists:
   Non-Class:  4.55 MB
       Class:  14.64 MB
        Both:  19.19 MB

MaxMetaspaceSize: unlimited
CompressedClassSpaceSize: 1.00 GB
Initial GC threshold: 21.00 MB
Current GC threshold: 21.00 MB
CDS: off
MetaspaceReclaimPolicy: balanced
 - commit_granule_bytes: 65536.
 - commit_granule_words: 8192.
 - virtual_space_node_default_size: 8388608.
 - enlarge_chunks_in_place: 1.
 - new_chunks_are_fully_committed: 0.
 - uncommit_free_chunks: 1.
 - use_allocation_guard: 0.
 - handle_deallocations: 1.


Internal statistics:

num_allocs_failed_limit: 0.
num_arena_births: 30.
num_arena_deaths: 0.
num_vsnodes_births: 2.
num_vsnodes_deaths: 0.
num_space_committed: 189.
num_space_uncommitted: 0.
num_chunks_returned_to_freelist: 0.
num_chunks_taken_from_freelist: 132.
num_chunk_merges: 0.
num_chunk_splits: 88.
num_chunks_enlarged: 74.
num_inconsistent_stats: 0.

CodeHeap 'non-profiled nmethods': size=119168Kb used=447Kb max_used=447Kb free=118721Kb
 bounds [0x0000016007ba0000, 0x0000016007e10000, 0x000001600f000000]
CodeHeap 'profiled nmethods': size=119104Kb used=1985Kb max_used=1985Kb free=117118Kb
 bounds [0x0000016000000000, 0x0000016000270000, 0x0000016007450000]
CodeHeap 'non-nmethods': size=7488Kb used=2836Kb max_used=2877Kb free=4651Kb
 bounds [0x0000016007450000, 0x0000016007730000, 0x0000016007ba0000]
 total_blobs=1576 nmethods=1135 adapters=353
 compilation: enabled
              stopped_count=0, restarted_count=0
 full_count=0

Compilation events (20 events):
Event: 0.532 Thread 0x000001607dc07fe0 nmethod 1067 0x00000160001c0190 code [0x00000160001c0360, 0x00000160001c0828]
Event: 0.532 Thread 0x0000016073c5f240 nmethod 1068 0x00000160001c0990 code [0x00000160001c0b80, 0x00000160001c1128]
Event: 0.532 Thread 0x000001607dcf72d0 nmethod 1066 0x00000160001c1510 code [0x00000160001c1760, 0x00000160001c22c8]
Event: 0.534 Thread 0x000001607dcf72d0 1069   !   3       java.util.zip.Inflater::setInput (69 bytes)
Event: 0.534 Thread 0x000001607ddb9fb0 nmethod 1055 0x0000016007c09510 code [0x0000016007c09680, 0x0000016007c099b8]
Event: 0.534 Thread 0x000001607dcf72d0 nmethod 1069 0x00000160001c2590 code [0x00000160001c2740, 0x00000160001c2ae8]
Event: 0.535 Thread 0x000001607dc07fe0 1070       3       java.util.zip.ZipFile$ZipFileInflaterInputStream::fill (80 bytes)
Event: 0.535 Thread 0x000001607dcf72d0 1071   !   3       java.util.zip.ZipFile$ZipFileInputStream::read (135 bytes)
Event: 0.535 Thread 0x0000016073c5f240 1072       3       java.util.zip.ZipFile::ensureOpenOrZipException (19 bytes)
Event: 0.535 Thread 0x000001607dbc66e0 1073       3       java.util.zip.ZipFile$ZipFileInputStream::initDataOffset (117 bytes)
Event: 0.535 Thread 0x0000016073c5f240 nmethod 1072 0x00000160001c2c90 code [0x00000160001c2e40, 0x00000160001c3068]
Event: 0.535 Thread 0x000001607dc07fe0 nmethod 1070 0x00000160001c3190 code [0x00000160001c3360, 0x00000160001c36c8]
Event: 0.535 Thread 0x0000016073c5f240 1074   !   3       java.util.zip.ZipFile$Source::readAt (39 bytes)
Event: 0.536 Thread 0x000001607dbc66e0 nmethod 1073 0x00000160001c3890 code [0x00000160001c3ac0, 0x00000160001c42c8]
Event: 0.536 Thread 0x000001607dc07fe0 1075       3       java.lang.Module::isNamed (13 bytes)
Event: 0.536 Thread 0x0000016073c5f240 nmethod 1074 0x00000160001c5290 code [0x00000160001c5480, 0x00000160001c58e8]
Event: 0.537 Thread 0x000001607dcf72d0 nmethod 1071 0x00000160001c4610 code [0x00000160001c4820, 0x00000160001c4ed8]
Event: 0.537 Thread 0x000001607dc07fe0 nmethod 1075 0x00000160001c5c10 code [0x00000160001c5da0, 0x00000160001c5ef8]
Event: 0.537 Thread 0x000001607dc08ee0 nmethod 973 0x0000016007c09a90 code [0x0000016007c09d20, 0x0000016007c0bf30]
Event: 0.539 Thread 0x000001607dbc66e0 1076   !   3       java.io.BufferedReader::readLine (327 bytes)

GC Heap History (2 events):
Event: 0.455 GC heap before
{Heap before GC invocations=1 (full 0):
 PSYoungGen      total 29696K, used 25600K [0x00000000eab00000, 0x00000000ecc00000, 0x0000000100000000)
  eden space 25600K, 100% used [0x00000000eab00000,0x00000000ec400000,0x00000000ec400000)
  from space 4096K, 0% used [0x00000000ec800000,0x00000000ec800000,0x00000000ecc00000)
  to   space 4096K, 0% used [0x00000000ec400000,0x00000000ec400000,0x00000000ec800000)
 ParOldGen       total 68608K, used 0K [0x00000000c0000000, 0x00000000c4300000, 0x00000000eab00000)
  object space 68608K, 0% used [0x00000000c0000000,0x00000000c0000000,0x00000000c4300000)
 Metaspace       used 10603K, committed 10752K, reserved 1114112K
  class space    used 1058K, committed 1152K, reserved 1048576K
}
Event: 0.460 GC heap after
{Heap after GC invocations=1 (full 0):
 PSYoungGen      total 29696K, used 3076K [0x00000000eab00000, 0x00000000ecc00000, 0x0000000100000000)
  eden space 25600K, 0% used [0x00000000eab00000,0x00000000eab00000,0x00000000ec400000)
  from space 4096K, 75% used [0x00000000ec400000,0x00000000ec701340,0x00000000ec800000)
  to   space 4096K, 0% used [0x00000000ec800000,0x00000000ec800000,0x00000000ecc00000)
 ParOldGen       total 68608K, used 16K [0x00000000c0000000, 0x00000000c4300000, 0x00000000eab00000)
  object space 68608K, 0% used [0x00000000c0000000,0x00000000c0004000,0x00000000c4300000)
 Metaspace       used 10603K, committed 10752K, reserved 1114112K
  class space    used 1058K, committed 1152K, reserved 1048576K
}

Dll operation events (8 events):
Event: 0.006 Loaded shared library c:\Users\matri\.vscode\extensions\redhat.java-1.36.0-win32-x64\jre\17.0.13-win32-x86_64\bin\java.dll
Event: 0.094 Loaded shared library c:\Users\matri\.vscode\extensions\redhat.java-1.36.0-win32-x64\jre\17.0.13-win32-x86_64\bin\zip.dll
Event: 0.097 Loaded shared library C:\Users\matri\.vscode\extensions\redhat.java-1.36.0-win32-x64\jre\17.0.13-win32-x86_64\bin\instrument.dll
Event: 0.107 Loaded shared library C:\Users\matri\.vscode\extensions\redhat.java-1.36.0-win32-x64\jre\17.0.13-win32-x86_64\bin\net.dll
Event: 0.109 Loaded shared library C:\Users\matri\.vscode\extensions\redhat.java-1.36.0-win32-x64\jre\17.0.13-win32-x86_64\bin\nio.dll
Event: 0.116 Loaded shared library C:\Users\matri\.vscode\extensions\redhat.java-1.36.0-win32-x64\jre\17.0.13-win32-x86_64\bin\zip.dll
Event: 0.130 Loaded shared library C:\Users\matri\.vscode\extensions\redhat.java-1.36.0-win32-x64\jre\17.0.13-win32-x86_64\bin\jimage.dll
Event: 0.176 Loaded shared library c:\Users\matri\.vscode\extensions\redhat.java-1.36.0-win32-x64\jre\17.0.13-win32-x86_64\bin\verify.dll

Deoptimization events (20 events):
Event: 0.451 Thread 0x0000016073bfc070 DEOPT PACKING pc=0x0000016007bdec5c sp=0x00000051835fe180
Event: 0.451 Thread 0x0000016073bfc070 DEOPT UNPACKING pc=0x00000160074a66a3 sp=0x00000051835fe0c8 mode 2
Event: 0.451 Thread 0x0000016073bfc070 Uncommon trap: trap_request=0xffffff45 fr.pc=0x0000016007bf141c relative=0x00000000000002dc
Event: 0.451 Thread 0x0000016073bfc070 Uncommon trap: reason=unstable_if action=reinterpret pc=0x0000016007bf141c method=java.util.HashMap.hash(Ljava/lang/Object;)I @ 1 c2
Event: 0.451 Thread 0x0000016073bfc070 DEOPT PACKING pc=0x0000016007bf141c sp=0x00000051835fe120
Event: 0.451 Thread 0x0000016073bfc070 DEOPT UNPACKING pc=0x00000160074a66a3 sp=0x00000051835fdfc8 mode 2
Event: 0.451 Thread 0x0000016073bfc070 Uncommon trap: trap_request=0xffffff45 fr.pc=0x0000016007bf1c1c relative=0x00000000000002dc
Event: 0.451 Thread 0x0000016073bfc070 Uncommon trap: reason=unstable_if action=reinterpret pc=0x0000016007bf1c1c method=java.util.HashMap.hash(Ljava/lang/Object;)I @ 1 c2
Event: 0.451 Thread 0x0000016073bfc070 DEOPT PACKING pc=0x0000016007bf1c1c sp=0x00000051835fe1c0
Event: 0.451 Thread 0x0000016073bfc070 DEOPT UNPACKING pc=0x00000160074a66a3 sp=0x00000051835fe0d8 mode 2
Event: 0.451 Thread 0x0000016073bfc070 Uncommon trap: trap_request=0xffffffde fr.pc=0x0000016007bdec5c relative=0x000000000000057c
Event: 0.451 Thread 0x0000016073bfc070 Uncommon trap: reason=class_check action=maybe_recompile pc=0x0000016007bdec5c method=java.util.Collections$UnmodifiableCollection$1.<init>(Ljava/util/Collections$UnmodifiableCollection;)V @ 17 c2
Event: 0.451 Thread 0x0000016073bfc070 DEOPT PACKING pc=0x0000016007bdec5c sp=0x00000051835fe180
Event: 0.451 Thread 0x0000016073bfc070 DEOPT UNPACKING pc=0x00000160074a66a3 sp=0x00000051835fe0c8 mode 2
Event: 0.451 Thread 0x0000016073bfc070 Uncommon trap: trap_request=0xffffff45 fr.pc=0x0000016007bac918 relative=0x0000000000000098
Event: 0.451 Thread 0x0000016073bfc070 Uncommon trap: reason=unstable_if action=reinterpret pc=0x0000016007bac918 method=java.util.HashMap.hash(Ljava/lang/Object;)I @ 1 c2
Event: 0.451 Thread 0x0000016073bfc070 DEOPT PACKING pc=0x0000016007bac918 sp=0x00000051835fe030
Event: 0.452 Thread 0x0000016073bfc070 DEOPT UNPACKING pc=0x00000160074a66a3 sp=0x00000051835fdfc8 mode 2
Event: 0.467 Thread 0x0000016073bfc070 DEOPT PACKING pc=0x000001600005008a sp=0x00000051835f9b90
Event: 0.467 Thread 0x0000016073bfc070 DEOPT UNPACKING pc=0x00000160074a6e43 sp=0x00000051835f8ff0 mode 0

Classes loaded (20 events):
Event: 0.514 Loading class sun/nio/ch/FileLockTable$FileLockReference
Event: 0.514 Loading class sun/nio/ch/FileLockTable$FileLockReference done
Event: 0.516 Loading class java/util/function/IntUnaryOperator
Event: 0.516 Loading class java/util/function/IntUnaryOperator done
Event: 0.517 Loading class java/io/DeleteOnExitHook
Event: 0.517 Loading class java/io/DeleteOnExitHook done
Event: 0.517 Loading class java/io/DeleteOnExitHook$1
Event: 0.517 Loading class java/io/DeleteOnExitHook$1 done
Event: 0.517 Loading class java/lang/Shutdown
Event: 0.517 Loading class java/lang/Shutdown done
Event: 0.517 Loading class java/lang/Shutdown$Lock
Event: 0.517 Loading class java/lang/Shutdown$Lock done
Event: 0.518 Loading class java/util/ComparableTimSort
Event: 0.518 Loading class java/util/ComparableTimSort done
Event: 0.521 Loading class java/io/DataInputStream
Event: 0.521 Loading class java/io/DataInputStream done
Event: 0.531 Loading class java/lang/invoke/DirectMethodHandle$Special
Event: 0.531 Loading class java/lang/invoke/DirectMethodHandle$Special done
Event: 0.537 Loading class java/security/AllPermissionCollection
Event: 0.537 Loading class java/security/AllPermissionCollection done

Classes unloaded (0 events):
No events

Classes redefined (0 events):
No events

Internal exceptions (20 events):
Event: 0.334 Thread 0x0000016073bfc070 Exception <a 'java/io/FileNotFoundException'{0x00000000eba1bcb8}> (0x00000000eba1bcb8) 
thrown [s\src\hotspot\share\prims\jni.cpp, line 516]
Event: 0.334 Thread 0x0000016073bfc070 Exception <a 'java/io/FileNotFoundException'{0x00000000eba1c9c0}> (0x00000000eba1c9c0) 
thrown [s\src\hotspot\share\prims\jni.cpp, line 516]
Event: 0.337 Thread 0x0000016073bfc070 Implicit null exception at 0x0000016007bc6e72 to 0x0000016007bc73c0
Event: 0.337 Thread 0x0000016073bfc070 Implicit null exception at 0x0000016007bc7a72 to 0x0000016007bc7fd4
Event: 0.340 Thread 0x0000016073bfc070 Exception <a 'java/io/FileNotFoundException'{0x00000000eba572b8}> (0x00000000eba572b8) 
thrown [s\src\hotspot\share\prims\jni.cpp, line 516]
Event: 0.427 Thread 0x0000016073bfc070 Exception <a 'java/lang/ClassNotFoundException'{0x00000000ec286b98}: sun/net/www/protocol/c/Handler> (0x00000000ec286b98) 
thrown [s\src\hotspot\share\classfile\systemDictionary.cpp, line 256]
Event: 0.427 Thread 0x0000016073bfc070 Exception <a 'java/lang/ClassNotFoundException'{0x00000000ec287f38}: sun/net/www/protocol/d/Handler> (0x00000000ec287f38) 
thrown [s\src\hotspot\share\classfile\systemDictionary.cpp, line 256]
Event: 0.428 Thread 0x0000016073bfc070 Exception <a 'java/lang/ClassNotFoundException'{0x00000000ec289150}: sun/net/www/protocol/c/Handler> (0x00000000ec289150) 
thrown [s\src\hotspot\share\classfile\systemDictionary.cpp, line 256]
Event: 0.432 Thread 0x0000016073bfc070 Exception <a 'java/io/FileNotFoundException'{0x00000000ec2ac940}> (0x00000000ec2ac940) 
thrown [s\src\hotspot\share\prims\jni.cpp, line 516]
Event: 0.451 Thread 0x0000016073bfc070 Implicit null exception at 0x0000016007bfa800 to 0x0000016007bfb1fc
Event: 0.451 Thread 0x0000016073bfc070 Implicit null exception at 0x0000016007bf118e to 0x0000016007bf13fc
Event: 0.451 Thread 0x0000016073bfc070 Implicit null exception at 0x0000016007bf198e to 0x0000016007bf1bfc
Event: 0.451 Thread 0x0000016073bfc070 Implicit null exception at 0x0000016007bac88f to 0x0000016007bac909
Event: 0.494 Thread 0x0000016073bfc070 Exception <a 'java/lang/NoSuchMethodError'{0x00000000ead4f7b0}: 'int java.lang.invoke.DirectMethodHandle$Holder.invokeStaticInit(java.lang.Object, java.lang.Object, java.lang.Object, java.lang.Object)'> (0x00000000ead4f7b0) 
thrown [s\src\hotspot\share\interpreter\linkResolver.cpp, line 759]
Event: 0.496 Thread 0x0000016073bfc070 Exception <a 'java/lang/NoSuchMethodError'{0x00000000ead59f18}: 'java.lang.Object java.lang.invoke.DirectMethodHandle$Holder.invokeInterface(java.lang.Object, java.lang.Object)'> (0x00000000ead59f18) 
thrown [s\src\hotspot\share\interpreter\linkResolver.cpp, line 759]
Event: 0.496 Thread 0x0000016073bfc070 Exception <a 'java/lang/IncompatibleClassChangeError'{0x00000000ead5d710}: Found class java.lang.Object, but interface was expected> (0x00000000ead5d710) 
thrown [s\src\hotspot\share\interpreter\linkResolver.cpp, line 826]
Event: 0.497 Thread 0x0000016073bfc070 Exception <a 'java/lang/NoSuchMethodError'{0x00000000ead61bf0}: 'void java.lang.invoke.DirectMethodHandle$Holder.invokeStatic(java.lang.Object, java.lang.Object)'> (0x00000000ead61bf0) 
thrown [s\src\hotspot\share\interpreter\linkResolver.cpp, line 759]
Event: 0.497 Thread 0x0000016073bfc070 Exception <a 'java/lang/NoSuchMethodError'{0x00000000ead653f0}: 'void java.lang.invoke.DirectMethodHandle$Holder.invokeStaticInit(java.lang.Object, java.lang.Object)'> (0x00000000ead653f0) 
thrown [s\src\hotspot\share\interpreter\linkResolver.cpp, line 759]
Event: 0.498 Thread 0x0000016073bfc070 Exception <a 'java/lang/NoSuchMethodError'{0x00000000ead6c910}: 'int java.lang.invoke.DirectMethodHandle$Holder.invokeStaticInit(java.lang.Object, java.lang.Object)'> (0x00000000ead6c910) 
thrown [s\src\hotspot\share\interpreter\linkResolver.cpp, line 759]
Event: 0.530 Thread 0x0000016073bfc070 Exception <a 'java/lang/NoSuchMethodError'{0x00000000eae99648}: 'void java.lang.invoke.DirectMethodHandle$Holder.invokeSpecial(java.lang.Object, java.lang.Object, java.lang.Object)'> (0x00000000eae99648) 
thrown [s\src\hotspot\share\interpreter\linkResolver.cpp, line 759]

VM Operations (12 events):
Event: 0.079 Executing VM operation: HandshakeAllThreads
Event: 0.079 Executing VM operation: HandshakeAllThreads done
Event: 0.144 Executing VM operation: HandshakeAllThreads
Event: 0.144 Executing VM operation: HandshakeAllThreads done
Event: 0.320 Executing VM operation: HandshakeAllThreads
Event: 0.320 Executing VM operation: HandshakeAllThreads done
Event: 0.328 Executing VM operation: HandshakeAllThreads
Event: 0.328 Executing VM operation: HandshakeAllThreads done
Event: 0.418 Executing VM operation: ICBufferFull
Event: 0.418 Executing VM operation: ICBufferFull done
Event: 0.455 Executing VM operation: ParallelGCFailedAllocation
Event: 0.460 Executing VM operation: ParallelGCFailedAllocation done

Memory protections (0 events):
No events

Nmethod flushes (0 events):
No events

Events (17 events):
Event: 0.020 Thread 0x0000016073bfc070 Thread added: 0x0000016073bfc070
Event: 0.027 Thread 0x0000016073bfc070 Thread added: 0x0000016078a79030
Event: 0.027 Thread 0x0000016073bfc070 Thread added: 0x0000016078a7a460
Event: 0.037 Thread 0x0000016073bfc070 Thread added: 0x000001607dbb2ca0
Event: 0.037 Thread 0x0000016073bfc070 Thread added: 0x000001607dbb8df0
Event: 0.037 Thread 0x0000016073bfc070 Thread added: 0x000001607dbba020
Event: 0.037 Thread 0x0000016073bfc070 Thread added: 0x000001607dbc1900
Event: 0.037 Thread 0x0000016073bfc070 Thread added: 0x000001607dbc3530
Event: 0.038 Thread 0x0000016073bfc070 Thread added: 0x000001607dbc66e0
Event: 0.038 Thread 0x0000016073bfc070 Thread added: 0x000001607dbcf8b0
Event: 0.067 Thread 0x0000016073bfc070 Thread added: 0x000001607dcbacf0
Event: 0.078 Thread 0x000001607dbc66e0 Thread added: 0x0000016073c5f240
Event: 0.080 Thread 0x000001607dbc66e0 Thread added: 0x000001607dcf72d0
Event: 0.080 Thread 0x0000016073c5f240 Thread added: 0x000001607dc07fe0
Event: 0.083 Thread 0x0000016073c5f240 Thread added: 0x000001607dc08ee0
Event: 0.084 Thread 0x000001607dcf72d0 Thread added: 0x000001607ddb9fb0
Event: 0.229 Thread 0x0000016073bfc070 Thread added: 0x000001600f0f08c0


Dynamic libraries:
0x00007ff7c5400000 - 0x00007ff7c540e000 	c:\Users\matri\.vscode\extensions\redhat.java-1.36.0-win32-x64\jre\17.0.13-win32-x86_64\bin\java.exe
0x00007ffc8dbd0000 - 0x00007ffc8dde7000 	C:\WINDOWS\SYSTEM32\ntdll.dll
0x00007ffc124a0000 - 0x00007ffc124ba000 	C:\Program Files\Norton\Suite\aswhook.dll
0x00007ffc8c0c0000 - 0x00007ffc8c184000 	C:\WINDOWS\System32\KERNEL32.DLL
0x00007ffc8b4c0000 - 0x00007ffc8b879000 	C:\WINDOWS\System32\KERNELBASE.dll
0x00007ffc8b2d0000 - 0x00007ffc8b3e1000 	C:\WINDOWS\System32\ucrtbase.dll
0x00007ffc81f40000 - 0x00007ffc81f57000 	c:\Users\matri\.vscode\extensions\redhat.java-1.36.0-win32-x64\jre\17.0.13-win32-x86_64\bin\jli.dll
0x00007ffc7e700000 - 0x00007ffc7e71e000 	c:\Users\matri\.vscode\extensions\redhat.java-1.36.0-win32-x64\jre\17.0.13-win32-x86_64\bin\VCRUNTIME140.dll
0x00007ffc8d4d0000 - 0x00007ffc8d67e000 	C:\WINDOWS\System32\USER32.dll
0x00007ffc8b3f0000 - 0x00007ffc8b416000 	C:\WINDOWS\System32\win32u.dll
0x00007ffc76fe0000 - 0x00007ffc77272000 	C:\WINDOWS\WinSxS\amd64_microsoft.windows.common-controls_6595b64144ccf1df_6.0.22621.4391_none_2715d37f73803e96\COMCTL32.dll
0x00007ffc8bf90000 - 0x00007ffc8bfb9000 	C:\WINDOWS\System32\GDI32.dll
0x00007ffc8d7a0000 - 0x00007ffc8d847000 	C:\WINDOWS\System32\msvcrt.dll
0x00007ffc8b1b0000 - 0x00007ffc8b2cb000 	C:\WINDOWS\System32\gdi32full.dll
0x00007ffc8b420000 - 0x00007ffc8b4ba000 	C:\WINDOWS\System32\msvcp_win.dll
0x00007ffc8d490000 - 0x00007ffc8d4c1000 	C:\WINDOWS\System32\IMM32.DLL
0x00007ffc87e90000 - 0x00007ffc87e9c000 	c:\Users\matri\.vscode\extensions\redhat.java-1.36.0-win32-x64\jre\17.0.13-win32-x86_64\bin\vcruntime140_1.dll
0x00007ffc2be10000 - 0x00007ffc2be9d000 	c:\Users\matri\.vscode\extensions\redhat.java-1.36.0-win32-x64\jre\17.0.13-win32-x86_64\bin\msvcp140.dll
0x00007ffc154e0000 - 0x00007ffc1614b000 	c:\Users\matri\.vscode\extensions\redhat.java-1.36.0-win32-x64\jre\17.0.13-win32-x86_64\bin\server\jvm.dll
0x00007ffc8dad0000 - 0x00007ffc8db82000 	C:\WINDOWS\System32\ADVAPI32.dll
0x00007ffc8d690000 - 0x00007ffc8d737000 	C:\WINDOWS\System32\sechost.dll
0x00007ffc8b180000 - 0x00007ffc8b1a8000 	C:\WINDOWS\System32\bcrypt.dll
0x00007ffc8c410000 - 0x00007ffc8c524000 	C:\WINDOWS\System32\RPCRT4.dll
0x00007ffc8c530000 - 0x00007ffc8c5a1000 	C:\WINDOWS\System32\WS2_32.dll
0x00007ffc8a080000 - 0x00007ffc8a0cd000 	C:\WINDOWS\SYSTEM32\POWRPROF.dll
0x00007ffc80eb0000 - 0x00007ffc80ee4000 	C:\WINDOWS\SYSTEM32\WINMM.dll
0x00007ffc84ff0000 - 0x00007ffc84ffa000 	C:\WINDOWS\SYSTEM32\VERSION.dll
0x00007ffc8a060000 - 0x00007ffc8a073000 	C:\WINDOWS\SYSTEM32\UMPDC.dll
0x00007ffc89f40000 - 0x00007ffc89f58000 	C:\WINDOWS\SYSTEM32\kernel.appcore.dll
0x00007ffc81f30000 - 0x00007ffc81f3a000 	c:\Users\matri\.vscode\extensions\redhat.java-1.36.0-win32-x64\jre\17.0.13-win32-x86_64\bin\jimage.dll
0x00007ffc83f60000 - 0x00007ffc84192000 	C:\WINDOWS\SYSTEM32\DBGHELP.DLL
0x00007ffc8b8f0000 - 0x00007ffc8bc7f000 	C:\WINDOWS\System32\combase.dll
0x00007ffc8ce30000 - 0x00007ffc8cf07000 	C:\WINDOWS\System32\OLEAUT32.dll
0x00007ffc83ec0000 - 0x00007ffc83ef2000 	C:\WINDOWS\SYSTEM32\dbgcore.DLL
0x00007ffc8b100000 - 0x00007ffc8b17b000 	C:\WINDOWS\System32\bcryptPrimitives.dll
0x00007ffc7e6f0000 - 0x00007ffc7e6fe000 	c:\Users\matri\.vscode\extensions\redhat.java-1.36.0-win32-x64\jre\17.0.13-win32-x86_64\bin\instrument.dll
0x00007ffc7e6c0000 - 0x00007ffc7e6e5000 	c:\Users\matri\.vscode\extensions\redhat.java-1.36.0-win32-x64\jre\17.0.13-win32-x86_64\bin\java.dll
0x00007ffc78980000 - 0x00007ffc78998000 	c:\Users\matri\.vscode\extensions\redhat.java-1.36.0-win32-x64\jre\17.0.13-win32-x86_64\bin\zip.dll
0x00007ffc8c5b0000 - 0x00007ffc8ce26000 	C:\WINDOWS\System32\SHELL32.dll
0x00007ffc88dc0000 - 0x00007ffc896c3000 	C:\WINDOWS\SYSTEM32\windows.storage.dll
0x00007ffc88c80000 - 0x00007ffc88dbf000 	C:\WINDOWS\SYSTEM32\wintypes.dll
0x00007ffc8cf10000 - 0x00007ffc8d009000 	C:\WINDOWS\System32\SHCORE.dll
0x00007ffc8d740000 - 0x00007ffc8d79e000 	C:\WINDOWS\System32\shlwapi.dll
0x00007ffc8ae00000 - 0x00007ffc8ae2b000 	C:\WINDOWS\SYSTEM32\profapi.dll
0x00007ffc6fff0000 - 0x00007ffc70009000 	C:\Users\matri\.vscode\extensions\redhat.java-1.36.0-win32-x64\jre\17.0.13-win32-x86_64\bin\net.dll
0x00007ffc85dc0000 - 0x00007ffc85ef6000 	C:\WINDOWS\SYSTEM32\WINHTTP.dll
0x00007ffc8a430000 - 0x00007ffc8a499000 	C:\WINDOWS\system32\mswsock.dll
0x00007ffc6ff50000 - 0x00007ffc6ff66000 	C:\Users\matri\.vscode\extensions\redhat.java-1.36.0-win32-x64\jre\17.0.13-win32-x86_64\bin\nio.dll
0x00007ffc7b820000 - 0x00007ffc7b830000 	c:\Users\matri\.vscode\extensions\redhat.java-1.36.0-win32-x64\jre\17.0.13-win32-x86_64\bin\verify.dll

dbghelp: loaded successfully - version: 4.0.5 - missing functions: none
symbol engine: initialized successfully - sym options: 0x614 - pdb path: .;c:\Users\matri\.vscode\extensions\redhat.java-1.36.0-win32-x64\jre\17.0.13-win32-x86_64\bin;C:\WINDOWS\SYSTEM32;C:\Program Files\Norton\Suite;C:\WINDOWS\WinSxS\amd64_microsoft.windows.common-controls_6595b64144ccf1df_6.0.22621.4391_none_2715d37f73803e96;c:\Users\matri\.vscode\extensions\redhat.java-1.36.0-win32-x64\jre\17.0.13-win32-x86_64\bin\server

VM Arguments:
jvm_args: --add-modules=ALL-SYSTEM --add-opens=java.base/java.util=ALL-UNNAMED --add-opens=java.base/java.lang=ALL-UNNAMED --add-opens=java.base/sun.nio.fs=ALL-UNNAMED -Declipse.application=org.eclipse.jdt.ls.core.id1 -Dosgi.bundles.defaultStartLevel=4 -Declipse.product=org.eclipse.jdt.ls.core.product -Djava.import.generatesMetadataFilesAtProjectRoot=false -DDetectVMInstallationsJob.disabled=true -Dfile.encoding=utf8 -XX:+UseParallelGC -XX:GCTimeRatio=4 -XX:AdaptiveSizePolicyWeight=90 -Dsun.zip.disableMemoryMapping=true -Xmx1G -Xms100m -Xlog:disable -javaagent:c:\Users\matri\.vscode\extensions\redhat.java-1.36.0-win32-x64\lombok\lombok-1.18.35.jar 
java_command: c:\Users\matri\.vscode\extensions\redhat.java-1.36.0-win32-x64\server\plugins\org.eclipse.equinox.launcher_1.6.900.v20240613-2009.jar -configuration c:\Users\matri\AppData\Roaming\Code\User\globalStorage\redhat.java\1.36.0\config_ss_win -data c:\Users\matri\AppData\Roaming\Code\User\workspaceStorage\06628ab3928ca18f960dda0ac32265f9\redhat.java\ss_ws --pipe=\\.\pipe\lsp-70202fe7edd916086e0075eb730a4480-sock
java_class_path (initial): c:\Users\matri\.vscode\extensions\redhat.java-1.36.0-win32-x64\server\plugins\org.eclipse.equinox.launcher_1.6.900.v20240613-2009.jar
Launcher Type: SUN_STANDARD

[Global flags]
    uintx AdaptiveSizePolicyWeight                 = 90                                        {product} {command line}
     intx CICompilerCount                          = 12                                        {product} {ergonomic}
    uintx GCTimeRatio                              = 4                                         {product} {command line}
   size_t InitialHeapSize                          = 104857600                                 {product} {command line}
   size_t MaxHeapSize                              = 1073741824                                {product} {command line}
   size_t MaxNewSize                               = 357564416                                 {product} {ergonomic}
   size_t MinHeapDeltaBytes                        = 524288                                    {product} {ergonomic}
   size_t MinHeapSize                              = 104857600                                 {product} {command line}
   size_t NewSize                                  = 34603008                                  {product} {ergonomic}
    uintx NonNMethodCodeHeapSize                   = 7602480                                {pd product} {ergonomic}
    uintx NonProfiledCodeHeapSize                  = 122027880                              {pd product} {ergonomic}
   size_t OldSize                                  = 70254592                                  {product} {ergonomic}
    uintx ProfiledCodeHeapSize                     = 122027880                              {pd product} {ergonomic}
    uintx ReservedCodeCacheSize                    = 251658240                              {pd product} {ergonomic}
     bool SegmentedCodeCache                       = true                                      {product} {ergonomic}
   size_t SoftMaxHeapSize                          = 1073741824                             {manageable} {ergonomic}
     bool UseCompressedClassPointers               = true                           {product lp64_product} {ergonomic}
     bool UseCompressedOops                        = true                           {product lp64_product} {ergonomic}
     bool UseLargePagesIndividualAllocation        = false                                  {pd product} {ergonomic}
     bool UseParallelGC                            = true                                      {product} {command line}

Logging:
Log output configuration:
 #0: stdout all=off uptime,level,tags
 #1: stderr all=off uptime,level,tags

Environment Variables:
JAVA_HOME=C:\Program Files\Java\jdk-22
PATH=C:\Python312\Scripts\;C:\Python312\;C:\Program Files\Common Files\Oracle\Java\javapath;C:\Program Files (x86)\Common Files\Oracle\Java\java8path;C:\Program Files (x86)\Common Files\Oracle\Java\javapath;C:\WINDOWS\system32;C:\WINDOWS;C:\WINDOWS\System32\Wbem;C:\WINDOWS\System32\WindowsPowerShell\v1.0\;C:\WINDOWS\System32\OpenSSH\;C:\ProgramData\chocolatey\bin;C:\Program Files\dotnet\;C:\Program Files\Java\jre1.8.0_431\bin;C:\Program Files (x86)\NVIDIA Corporation\PhysX\Common;C:\Program Files\NVIDIA Corporation\NVIDIA NvDLISR;C:\Program Files\Git\cmd;C:\Program Files\nodejs\;C:\Users\matri\AppData\Local\Microsoft\WindowsApps;C:\Users\matri\AppData\Local\GitHubDesktop\bin;C:\apache-maven-3.9.6\bin;C:\Users\matri\AppData\Roaming\npm;C:\Users\matri\AppData\Local\Programs\Microsoft VS Code\bin
USERNAME=matri
OS=Windows_NT
PROCESSOR_IDENTIFIER=Intel64 Family 6 Model 165 Stepping 5, GenuineIntel
TMP=C:\Users\matri\AppData\Local\Temp
TEMP=C:\Users\matri\AppData\Local\Temp



Periodic native trim disabled


---------------  S Y S T E M  ---------------

OS:
 Windows 11 , 64 bit Build 22621 (10.0.22621.4391)
OS uptime: 3 days 21:34 hours
Hyper-V role detected

CPU: total 16 (initial active 16) (8 cores per cpu, 2 threads per core) family 6 model 165 stepping 5 microcode 0xe2, cx8, cmov, fxsr, ht, mmx, 3dnowpref, sse, sse2, sse3, ssse3, sse4.1, sse4.2, popcnt, lzcnt, tsc, tscinvbit, avx, avx2, aes, erms, clmul, bmi1, bmi2, adx, fma, vzeroupper, clflush, clflushopt, hv
Processor Information for all 16 processors :
  Max Mhz: 2904, Current Mhz: 2904, Mhz Limit: 2904

Memory: 4k page, system-wide physical 16294M (6787M free)
TotalPageFile size 65446M (AvailPageFile size 6M)
current process WorkingSet (physical memory assigned to process): 82M, peak: 82M
current process commit charge ("private bytes"): 220M, peak: 220M

vm_info: OpenJDK 64-Bit Server VM (17.0.13+11) for windows-amd64 JRE (17.0.13+11), built on Oct 16 2024 00:10:08 by "admin" with MS VC++ 17.7 (VS2022)

END.
